{
  "selectors": [
    "#find",
    "#findNext",
    "#findField"
  ],
  "vars": [
    [
      "get",
      "#find[right]",
      "right",
      [
        "$id",
        "find"
      ]
    ],
    [
      "get",
      "[hgap]",
      "hgap"
    ],
    [
      "get",
      "#findNext[left]",
      "left",
      [
        "$id",
        "findNext"
      ]
    ],
    [
      "get",
      "#findNext[right]",
      "right",
      [
        "$id",
        "findNext"
      ]
    ],
    [
      "get",
      "#findField[left]",
      "left",
      [
        "$id",
        "findField"
      ]
    ],
    [
      "get",
      "#find[top]",
      "top",
      [
        "$id",
        "find"
      ]
    ],
    [
      "get",
      "#findNext[top]",
      "top",
      [
        "$id",
        "findNext"
      ]
    ],
    [
      "get",
      "#findField[top]",
      "top",
      [
        "$id",
        "findField"
      ]
    ]
  ],
  "constraints": [
    [
      "eq",
      [
        "plus",
        [
          "get",
          "#find[right]"
        ],
        [
          "get",
          "[hgap]"
        ]
      ],
      [
        "get",
        "#findNext[left]"
      ]
    ],
    [
      "eq",
      [
        "plus",
        [
          "get",
          "#findNext[right]"
        ],
        [
          "get",
          "[hgap]"
        ]
      ],
      [
        "get",
        "#findField[left]"
      ]
    ],
    [
      "eq",
      [
        "get",
        "#find[top]"
      ],
      [
        "get",
        "#findNext[top]"
      ]
    ],
    [
      "eq",
      [
        "get",
        "#findNext[top]"
      ],
      [
        "get",
        "#findField[top]"
      ]
    ]
  ],
  "css": ""
}
